2026-08-20T23:17:31,578  INFO Gbl:64 JVM: 21.0.10; Eclipse Adoptium; mixed mode, sharing; 64-bit
2026-08-20T23:17:31,579  INFO Gbl:68 OS: Windows 11; 10.0; amd64
2026-08-20T23:17:31,580  INFO Gbl:71 CPU cores: 12
2026-08-20T23:17:31,583  INFO Gbl:72 max. Memory: 3936.0MB (4127195136B)
2026-08-20T23:17:31,585  INFO Gbl:114 MATSim-Build: r7f2ea0d07d20e164b577066595eddc23e3659473 ({2025-04-11 08:55:36})
2026-08-20T23:17:31,585  INFO Gbl:76 Command: org.codehaus.plexus.classworlds.launcher.Launcher -q -DskipTests exec:java -Dexec.mainClass=org.matsim.project.RunMatsim2040TransitSmokeTest -Dexec.args=fast-track scenarios/munich_fast_track_2040/smoke-output-mobility-hubs-20260820-2317
2026-08-20T23:17:31,592  INFO MemoryObserver:42 used RAM: 1173 MB  free: 165 MB  total: 1338 MB
2026-08-20T23:17:31,592  INFO ControlerListenerManagerImpl:112 calling notifyStartup on org.matsim.core.controler.ControlerDefaultsModule$1 with priority 0.0
2026-08-20T23:17:31,732  INFO ControlerListenerManagerImpl:112 calling notifyStartup on org.matsim.guice.DependencyGraphControlerListener with priority 0.0
2026-08-20T23:17:31,876  INFO ControlerListenerManagerImpl:112 calling notifyStartup on org.matsim.counts.CountsControlerListener with priority 0.0
2026-08-20T23:17:31,877  INFO ControlerListenerManagerImpl:112 calling notifyStartup on org.matsim.analysis.ModeChoiceCoverageControlerListener with priority 0.0
2026-08-20T23:17:31,877  INFO ControlerListenerManagerImpl:112 calling notifyStartup on org.matsim.analysis.ModeStatsControlerListener with priority 0.0
2026-08-20T23:17:31,877  INFO ControlerListenerManagerImpl:112 calling notifyStartup on org.matsim.analysis.ScoreStatsControlerListener with priority 0.0
2026-08-20T23:17:31,878  INFO ControlerListenerManagerImpl:115 all ControlerStartupListeners called.
2026-08-20T23:17:31,879  INFO ControllerUtils:99 config dump before iterations start
2026-08-20T23:17:31,911  INFO ControllerUtils:105 === logging config.xml skipped ===
2026-08-20T23:17:31,911  INFO ControllerUtils:106 To enable debug output, set an environment variable i.e. export LOG_LEVEL='debug', or set log.setLogLevel(Level.DEBUG) in your run class.
2026-08-20T23:17:31,912  INFO ControllerUtils:110 Complete config dump done.
2026-08-20T23:17:31,912  INFO ControllerUtils:111 Checking consistency of config...
2026-08-20T23:17:31,912  INFO ScoringConfigGroup$ScoringParameterSet:1607 NO OPENING OR CLOSING TIMES DEFINED!

There is no activity type that has an opening *and* closing time (or opening time and late penalty) defined.
This usually means that the activity chains can be shifted by an arbitrary
number of hours without having an effect on the score of the plans, and thus
resulting in wrong results / traffic patterns.
If you are using MATSim without time adaptation, you can ignore this warning.


2026-08-20T23:17:31,912  INFO VspConfigConsistencyCheckerImpl:62 NOT running vsp config consistency check because vsp defaults checking level is set to IGNORE
2026-08-20T23:17:31,926  INFO ControllerUtils:113 Checking consistency of config done.
2026-08-20T23:17:31,951  INFO PrepareForSimImpl:125 Network seems to be multimodal. Create car-only network which is handed over to PersonPrepareForSim.
2026-08-20T23:17:31,955  INFO NetworkImpl:165  node # 1
2026-08-20T23:17:31,956  INFO NetworkImpl:165  node # 4
2026-08-20T23:17:31,956  INFO NetworkImpl:165  node # 16
2026-08-20T23:17:31,956  INFO NetworkImpl:165  node # 64
2026-08-20T23:17:31,956  INFO NetworkImpl:165  node # 256
2026-08-20T23:17:31,957  INFO NetworkImpl:165  node # 1024
2026-08-20T23:17:31,959  INFO NetworkImpl:165  node # 4096
2026-08-20T23:17:31,964  INFO NetworkImpl:165  node # 16384
2026-08-20T23:17:31,983  INFO NetworkImpl:165  node # 65536
2026-08-20T23:17:32,028  INFO NetworkImpl:161  link # 1
2026-08-20T23:17:32,029  INFO NetworkImpl:161  link # 4
2026-08-20T23:17:32,029  INFO NetworkImpl:161  link # 16
2026-08-20T23:17:32,029  INFO NetworkImpl:161  link # 64
2026-08-20T23:17:32,031  INFO NetworkImpl:161  link # 256
2026-08-20T23:17:32,034  INFO NetworkImpl:161  link # 1024
2026-08-20T23:17:32,043  INFO NetworkImpl:161  link # 4096
2026-08-20T23:17:32,075  INFO NetworkImpl:161  link # 16384
2026-08-20T23:17:32,244  INFO NetworkImpl:161  link # 65536
2026-08-20T23:17:32,633  INFO NetworkImpl:161  link # 262144
2026-08-20T23:17:33,083  WARN PrepareForSimImpl:265 'usePersonIdForMissingVehicleId' is deprecated. It will be removed soon.
2026-08-20T23:17:33,084  INFO Counter:70 [VehiclesImpl] added vehicle # 1
2026-08-20T23:17:33,084  INFO Counter:70 [VehiclesImpl] added vehicle # 2
2026-08-20T23:17:33,099  INFO EventsManagerImpl:139 === Logging of event-handlers skipped ===
2026-08-20T23:17:33,099  INFO EventsManagerImpl:140 To enable debug output, set an environment variable i.e. export LOG_LEVEL='debug', or set log.setLogLevel(Level.DEBUG) in your run class.
2026-08-20T23:17:33,100  INFO EventsManagerImpl:210     > org.matsim.pt.router.TransitScheduleChangedEvent
2026-08-20T23:17:33,100  INFO EventsManagerImpl:139 === Logging of event-handlers skipped ===
2026-08-20T23:17:33,100  INFO EventsManagerImpl:140 To enable debug output, set an environment variable i.e. export LOG_LEVEL='debug', or set log.setLogLevel(Level.DEBUG) in your run class.
2026-08-20T23:17:33,100  INFO EventsManagerImpl:210     > org.matsim.pt.router.TransitScheduleChangedEvent
2026-08-20T23:17:33,101  INFO SwissRailRaptorData:105 Preparing data for SwissRailRaptor...
2026-08-20T23:17:41,809  INFO SwissRailRaptorData:258 SwissRailRaptor data preparation done. Took 8 seconds.
2026-08-20T23:17:41,809  INFO SwissRailRaptorData:259 SwissRailRaptor statistics:  #routes = 14309
2026-08-20T23:17:41,810  INFO SwissRailRaptorData:260 SwissRailRaptor statistics:  #departures = 71300
2026-08-20T23:17:41,810  INFO SwissRailRaptorData:261 SwissRailRaptor statistics:  #routeStops = 262873
2026-08-20T23:17:41,810  INFO SwissRailRaptorData:262 SwissRailRaptor statistics:  #stopFacilities = 62594
2026-08-20T23:17:41,810  INFO SwissRailRaptorData:263 SwissRailRaptor statistics:  #transfers (between routeStops) = 4075945
2026-08-20T23:17:41,828  INFO NetworkImpl:165  node # 1
2026-08-20T23:17:41,829  INFO NetworkImpl:165  node # 4
2026-08-20T23:17:41,830  INFO NetworkImpl:165  node # 16
2026-08-20T23:17:41,830  INFO NetworkImpl:165  node # 64
2026-08-20T23:17:41,830  INFO NetworkImpl:165  node # 256
2026-08-20T23:17:41,830  INFO NetworkImpl:165  node # 1024
2026-08-20T23:17:41,831  INFO NetworkImpl:165  node # 4096
2026-08-20T23:17:41,833  INFO NetworkImpl:165  node # 16384
2026-08-20T23:17:41,842  INFO NetworkImpl:165  node # 65536
2026-08-20T23:17:41,878  INFO NetworkImpl:161  link # 1
2026-08-20T23:17:41,879  INFO NetworkImpl:161  link # 4
2026-08-20T23:17:41,879  INFO NetworkImpl:161  link # 16
2026-08-20T23:17:41,879  INFO NetworkImpl:161  link # 64
2026-08-20T23:17:41,879  INFO NetworkImpl:161  link # 256
2026-08-20T23:17:41,882  INFO NetworkImpl:161  link # 1024
2026-08-20T23:17:41,887  INFO NetworkImpl:161  link # 4096
2026-08-20T23:17:41,902  INFO NetworkImpl:161  link # 16384
2026-08-20T23:17:42,001  INFO NetworkImpl:161  link # 65536
2026-08-20T23:17:42,451  INFO NetworkImpl:161  link # 262144
2026-08-20T23:17:43,247  INFO NetworkRoutingProvider:151 Checking network for mode 'car' for consistency...
2026-08-20T23:17:43,491  INFO MultimodalNetworkCleaner:104 running org.matsim.core.network.algorithms.MultimodalNetworkCleaner algorithm for modes [car] with connectivity modes []...
2026-08-20T23:17:43,494  INFO MultimodalNetworkCleaner:108   checking 212766 nodes and 499422 links for dead-ends...
2026-08-20T23:17:44,996  INFO MultimodalNetworkCleaner:126     The biggest cluster consists of 499422 links.
2026-08-20T23:17:44,996  INFO MultimodalNetworkCleaner:127   done.
2026-08-20T23:17:45,202  INFO MultimodalNetworkCleaner:151   resulting network contains 212766 nodes and 499422 links.
2026-08-20T23:17:45,203  INFO MultimodalNetworkCleaner:153 done.
2026-08-20T23:17:45,380  WARN RandomizingTimeDistanceTravelDisutilityFactory:113 There will be no routing randomness. The randomization of the travel disutility requires the monetary distance rate to be different than zero. Continuing anyway.
2026-08-20T23:17:45,380  WARN RandomizingTimeDistanceTravelDisutilityFactory:118 There will be no routing randomness. The randomization of the travel disutility requires the travel time cost rate to be different than zero. Continuing anyway.
2026-08-20T23:17:45,386  INFO RandomizingTimeDistanceTravelDisutilityFactory:86  sigma: 3.0; resulting normalization: 0.011108996538242306
2026-08-20T23:17:46,067  INFO SpeedyALTData:51 find dead ends...
2026-08-20T23:17:46,186  INFO SpeedyALTData:132 calculate landmarks...
2026-08-20T23:17:48,373  INFO SpeedyALTData:173 calculate min travelcost...
2026-08-20T23:17:48,407  WARN NetworkRoutingProvider:137 [mode: car; routingMode: car] Using deprecated routing module without access/egress. Consider using AccessEgressNetworkRouter instead.
2026-08-20T23:17:48,736  INFO SpeedyALTData:51 find dead ends...
2026-08-20T23:17:48,773  INFO SpeedyALTData:132 calculate landmarks...
2026-08-20T23:17:51,448  INFO SpeedyALTData:173 calculate min travelcost...
2026-08-20T23:17:51,528  INFO RandomizingTimeDistanceTravelDisutilityFactory:86  sigma: 3.0; resulting normalization: 0.011108996538242306
2026-08-20T23:17:51,532  WARN NetworkRoutingProvider:137 [mode: car; routingMode: car] Using deprecated routing module without access/egress. Consider using AccessEgressNetworkRouter instead.
2026-08-20T23:17:51,620  INFO NetworkImpl:419 building QuadTree for nodes: xrange(4385167.792238502,4543106.11522066); yrange(5272817.571959848,5442832.203313729)
2026-08-20T23:17:51,741  INFO NetworkImpl:428 Building QuadTree took 0.157 seconds.
2026-08-20T23:17:51,763  INFO Counter:70 [PersonPrepareForSim] handled person # 1
2026-08-20T23:17:51,774  INFO Counter:70 [PersonPrepareForSim] handled person # 2
2026-08-20T23:17:51,776  INFO Counter:75 [PersonPrepareForSim] handled person # 2
2026-08-20T23:17:51,830  INFO AbstractController:136 ###################################################
2026-08-20T23:17:51,831  INFO AbstractController:137 ### ITERATION 0 BEGINS
2026-08-20T23:17:51,833  INFO ControlerListenerManagerImpl:156 calling notifyIterationStarts on org.matsim.analysis.LegTimesControlerListener with priority 0.0
2026-08-20T23:17:51,833  INFO EventsManagerImpl:139 === Logging of event-handlers skipped ===
2026-08-20T23:17:51,833  INFO EventsManagerImpl:140 To enable debug output, set an environment variable i.e. export LOG_LEVEL='debug', or set log.setLogLevel(Level.DEBUG) in your run class.
2026-08-20T23:17:51,833  INFO EventsManagerImpl:210     > org.matsim.api.core.v01.events.PersonDepartureEvent
2026-08-20T23:17:51,833  INFO EventsManagerImpl:210     > org.matsim.api.core.v01.events.PersonArrivalEvent
2026-08-20T23:17:51,833  INFO EventsManagerImpl:210     > org.matsim.api.core.v01.events.ActivityEndEvent
2026-08-20T23:17:51,834  INFO EventsManagerImpl:210     > org.matsim.api.core.v01.events.ActivityStartEvent
2026-08-20T23:17:51,834  INFO EventsManagerImpl:139 === Logging of event-handlers skipped ===
2026-08-20T23:17:51,834  INFO EventsManagerImpl:140 To enable debug output, set an environment variable i.e. export LOG_LEVEL='debug', or set log.setLogLevel(Level.DEBUG) in your run class.
2026-08-20T23:17:51,834  INFO EventsManagerImpl:210     > org.matsim.api.core.v01.events.PersonDepartureEvent
2026-08-20T23:17:51,834  INFO EventsManagerImpl:210     > org.matsim.api.core.v01.events.PersonArrivalEvent
2026-08-20T23:17:51,834  INFO EventsManagerImpl:210     > org.matsim.api.core.v01.events.ActivityEndEvent
2026-08-20T23:17:51,834  INFO EventsManagerImpl:210     > org.matsim.api.core.v01.events.ActivityStartEvent
2026-08-20T23:17:51,834  INFO ControlerListenerManagerImpl:156 calling notifyIterationStarts on org.matsim.analysis.LegHistogramListener with priority 0.0
2026-08-20T23:17:51,834  INFO EventsManagerImpl:139 === Logging of event-handlers skipped ===
2026-08-20T23:17:51,834  INFO EventsManagerImpl:140 To enable debug output, set an environment variable i.e. export LOG_LEVEL='debug', or set log.setLogLevel(Level.DEBUG) in your run class.
2026-08-20T23:17:51,835  INFO EventsManagerImpl:210     > org.matsim.api.core.v01.events.PersonDepartureEvent
2026-08-20T23:17:51,835  INFO EventsManagerImpl:210     > org.matsim.api.core.v01.events.PersonArrivalEvent
2026-08-20T23:17:51,835  INFO EventsManagerImpl:210     > org.matsim.api.core.v01.events.PersonStuckEvent
2026-08-20T23:17:51,835  INFO EventsManagerImpl:139 === Logging of event-handlers skipped ===
2026-08-20T23:17:51,835  INFO EventsManagerImpl:140 To enable debug output, set an environment variable i.e. export LOG_LEVEL='debug', or set log.setLogLevel(Level.DEBUG) in your run class.
2026-08-20T23:17:51,835  INFO EventsManagerImpl:210     > org.matsim.api.core.v01.events.PersonDepartureEvent
2026-08-20T23:17:51,835  INFO EventsManagerImpl:210     > org.matsim.api.core.v01.events.PersonArrivalEvent
2026-08-20T23:17:51,835  INFO EventsManagerImpl:210     > org.matsim.api.core.v01.events.PersonStuckEvent
2026-08-20T23:17:51,835  INFO ControlerListenerManagerImpl:156 calling notifyIterationStarts on org.matsim.analysis.LinkStatsControlerListener with priority 0.0
2026-08-20T23:17:51,836  INFO ControlerListenerManagerImpl:156 calling notifyIterationStarts on org.matsim.core.replanning.ReplanningContextImpl with priority 0.0
2026-08-20T23:17:51,836  INFO ControlerListenerManagerImpl:156 calling notifyIterationStarts on org.matsim.core.scoring.ScoringFunctionsForPopulation$$Lambda/0x00000237c554c458 with priority 0.0
2026-08-20T23:17:51,875  INFO ControlerListenerManagerImpl:156 calling notifyIterationStarts on org.matsim.core.scoring.ExperiencedPlansServiceImpl$1 with priority 0.0
2026-08-20T23:17:51,876  INFO ControlerListenerManagerImpl:159 [it.0] all ControlerIterationStartsListeners called.
2026-08-20T23:17:51,877  INFO ControlerListenerManagerImpl:242 calling notifyBeforeMobsim on org.matsim.core.controler.corelisteners.EventsHandlingImpl with priority 0.0
2026-08-20T23:17:51,877  INFO EventsManagerImpl:173 resetting Event-Handlers
2026-08-20T23:17:51,877  INFO EventsManagerImpl:180   org.matsim.core.trafficmonitoring.TravelTimeCalculator
2026-08-20T23:17:51,879  INFO EventsManagerImpl:180   org.matsim.analysis.VolumesAnalyzer
2026-08-20T23:17:51,881  INFO EventsManagerImpl:180   org.matsim.core.scoring.ScoringFunctionsForPopulation
2026-08-20T23:17:51,881  INFO EventsManagerImpl:180   org.matsim.analysis.LegHistogram
2026-08-20T23:17:51,881  INFO EventsManagerImpl:180   org.matsim.analysis.CalcLegTimes
2026-08-20T23:17:51,882  INFO EventsManagerImpl:180   org.matsim.project.RunMatsim2040TransitSmokeTest$SmokeEvents
2026-08-20T23:17:51,882  INFO EventsManagerImpl:180   ch.sbb.matsim.routing.pt.raptor.SwissRailRaptorFactory$$Lambda/0x00000237c558de50
2026-08-20T23:17:51,890  INFO EventsManagerImpl:139 === Logging of event-handlers skipped ===
2026-08-20T23:17:51,890  INFO EventsManagerImpl:140 To enable debug output, set an environment variable i.e. export LOG_LEVEL='debug', or set log.setLogLevel(Level.DEBUG) in your run class.
2026-08-20T23:17:51,891  INFO EventsManagerImpl:210     > org.matsim.api.core.v01.events.Event
2026-08-20T23:17:51,891  INFO EventsManagerImpl:139 === Logging of event-handlers skipped ===
2026-08-20T23:17:51,891  INFO EventsManagerImpl:140 To enable debug output, set an environment variable i.e. export LOG_LEVEL='debug', or set log.setLogLevel(Level.DEBUG) in your run class.
2026-08-20T23:17:51,891  INFO EventsManagerImpl:210     > org.matsim.api.core.v01.events.Event
2026-08-20T23:17:51,891  INFO ControlerListenerManagerImpl:242 calling notifyBeforeMobsim on org.matsim.core.controler.corelisteners.PlansDumpingImpl with priority 0.0
2026-08-20T23:17:51,891  INFO PlansDumpingImpl:77 dumping plans...
2026-08-20T23:17:51,944  INFO Counter:70 [PopulationWriter] dumped person # 1
2026-08-20T23:17:51,944  INFO Counter:70 [PopulationWriter] dumped person # 2
2026-08-20T23:17:51,960  INFO Counter:70 [ParallelPopulationWriterV6] dumped person # 1
2026-08-20T23:17:52,007  INFO Counter:70 [ParallelPopulationWriterV6] dumped person # 2
2026-08-20T23:17:52,008  INFO Counter:75 [ParallelPopulationWriterV6] dumped person # 2
2026-08-20T23:17:52,008  INFO PopulationWriter:150 Population written to: C:\Users\DavidBerling\Masterarbeit Lokal\WP2\Matsim-example-project-TU-Kurs\scenarios\munich_fast_track_2040\smoke-output-mobility-hubs-20260820-2317/ITERS/it.0/munich-fast-track-2040.0.plans.xml.gz
2026-08-20T23:17:52,012  INFO Counter:75 [PopulationWriter] dumped person # 2
2026-08-20T23:17:52,012  INFO PlansDumpingImpl:94 finished plans dump.
2026-08-20T23:17:52,013  INFO ControlerListenerManagerImpl:248 calling notifyBeforeMobsim on org.matsim.core.population.VspPlansCleaner with priority 0.0
2026-08-20T23:17:52,014  INFO ControlerListenerManagerImpl:251 [it.0] all ControlerBeforeMobsimListeners called.
2026-08-20T23:17:52,017  INFO PrepareForMobsimImpl:86 Network seems to be multimodal. Create car-only network which is handed over to PersonPrepareForSim.
2026-08-20T23:17:52,018  INFO NetworkImpl:165  node # 1
2026-08-20T23:17:52,018  INFO NetworkImpl:165  node # 4
2026-08-20T23:17:52,018  INFO NetworkImpl:165  node # 16
2026-08-20T23:17:52,018  INFO NetworkImpl:165  node # 64
2026-08-20T23:17:52,018  INFO NetworkImpl:165  node # 256
2026-08-20T23:17:52,018  INFO NetworkImpl:165  node # 1024
2026-08-20T23:17:52,019  INFO NetworkImpl:165  node # 4096
2026-08-20T23:17:52,020  INFO NetworkImpl:165  node # 16384
2026-08-20T23:17:52,024  INFO NetworkImpl:165  node # 65536
2026-08-20T23:17:52,041  INFO NetworkImpl:161  link # 1
2026-08-20T23:17:52,041  INFO NetworkImpl:161  link # 4
2026-08-20T23:17:52,041  INFO NetworkImpl:161  link # 16
2026-08-20T23:17:52,041  INFO NetworkImpl:161  link # 64
2026-08-20T23:17:52,041  INFO NetworkImpl:161  link # 256
2026-08-20T23:17:52,042  INFO NetworkImpl:161  link # 1024
2026-08-20T23:17:52,045  INFO NetworkImpl:161  link # 4096
2026-08-20T23:17:52,057  INFO NetworkImpl:161  link # 16384
2026-08-20T23:17:52,113  INFO NetworkImpl:161  link # 65536
2026-08-20T23:17:52,371  INFO NetworkImpl:161  link # 262144
2026-08-20T23:17:52,812  INFO RandomizingTimeDistanceTravelDisutilityFactory:86  sigma: 3.0; resulting normalization: 0.011108996538242306
2026-08-20T23:17:52,816  WARN NetworkRoutingProvider:137 [mode: car; routingMode: car] Using deprecated routing module without access/egress. Consider using AccessEgressNetworkRouter instead.
2026-08-20T23:17:52,858  INFO RandomizingTimeDistanceTravelDisutilityFactory:86  sigma: 3.0; resulting normalization: 0.011108996538242306
2026-08-20T23:17:52,862  WARN NetworkRoutingProvider:137 [mode: car; routingMode: car] Using deprecated routing module without access/egress. Consider using AccessEgressNetworkRouter instead.
2026-08-20T23:17:52,891  INFO Counter:70 [PersonPrepareForSim] handled person # 1
2026-08-20T23:17:52,891  INFO Counter:70 [PersonPrepareForSim] handled person # 2
2026-08-20T23:17:52,892  INFO Counter:75 [PersonPrepareForSim] handled person # 2
2026-08-20T23:17:53,012  INFO MobsimListenerManager:50 calling addQueueSimulationListener
2026-08-20T23:17:53,012  INFO MobsimListenerManager:54   assigned class org.matsim.core.mobsim.framework.listeners.MobsimListener to interface org.matsim.vis.snapshotwriters.SnapshotWriterManager
2026-08-20T23:17:53,013  INFO MobsimListenerManager:54   assigned class org.matsim.core.mobsim.framework.listeners.MobsimListener to interface org.matsim.core.mobsim.framework.listeners.MobsimInitializedListener
2026-08-20T23:17:53,013  INFO MobsimListenerManager:54   assigned class org.matsim.core.mobsim.framework.listeners.MobsimListener to interface org.matsim.core.mobsim.framework.listeners.MobsimListener
2026-08-20T23:17:53,013  INFO MobsimListenerManager:54   assigned class org.matsim.core.mobsim.framework.listeners.MobsimListener to interface org.matsim.core.mobsim.framework.listeners.MobsimBeforeCleanupListener
2026-08-20T23:17:53,013  INFO MobsimListenerManager:54   assigned class org.matsim.core.mobsim.framework.listeners.MobsimListener to interface org.matsim.core.mobsim.framework.listeners.MobsimAfterSimStepListener
2026-08-20T23:17:53,025  INFO QSimProvider:131 Added MobsimEngine class org.matsim.core.mobsim.qsim.ActivityEngineDefaultImpl
2026-08-20T23:17:53,025  INFO QSimProvider:137 Added Activityhandler class org.matsim.core.mobsim.qsim.ActivityEngineDefaultImpl
2026-08-20T23:17:54,114  WARN QueueWithBuffer:504 Link pt_0 too small: enlarge storage capacity from: 1.388888888888889 Vehicles to: 2.5 Vehicles.  This is not fatal, but modifies the traffic flow dynamics.
2026-08-20T23:17:54,115  WARN QueueWithBuffer:504 Link pt_1 too small: enlarge storage capacity from: 2.811932747731571 Vehicles to: 21.08949560798678 Vehicles.  This is not fatal, but modifies the traffic flow dynamics.
2026-08-20T23:17:54,115  WARN QueueWithBuffer:504 Link pt_10 too small: enlarge storage capacity from: 2.3268477656342146 Vehicles to: 17.45135824225661 Vehicles.  This is not fatal, but modifies the traffic flow dynamics.
2026-08-20T23:17:54,115  WARN QueueWithBuffer:504 Link pt_100 too small: enlarge storage capacity from: 1.388888888888889 Vehicles to: 2.5 Vehicles.  This is not fatal, but modifies the traffic flow dynamics.
2026-08-20T23:17:54,115  WARN QueueWithBuffer:504 Link pt_1000 too small: enlarge storage capacity from: 26.99990264715321 Vehicles to: 202.49926985364905 Vehicles.  This is not fatal, but modifies the traffic flow dynamics.
2026-08-20T23:17:54,115  WARN QueueWithBuffer:504 Link pt_10000 too small: enlarge storage capacity from: 7.543111193374248 Vehicles to: 56.57333395030686 Vehicles.  This is not fatal, but modifies the traffic flow dynamics.
2026-08-20T23:17:54,115  WARN QueueWithBuffer:504 Link pt_10001 too small: enlarge storage capacity from: 1.388888888888889 Vehicles to: 8.911677984510133 Vehicles.  This is not fatal, but modifies the traffic flow dynamics.
2026-08-20T23:17:54,116  WARN QueueWithBuffer:504 Link pt_10002 too small: enlarge storage capacity from: 8.471633548363474 Vehicles to: 63.53725161272605 Vehicles.  This is not fatal, but modifies the traffic flow dynamics.
2026-08-20T23:17:54,116  WARN QueueWithBuffer:504 Link pt_10003 too small: enlarge storage capacity from: 1.388888888888889 Vehicles to: 2.5 Vehicles.  This is not fatal, but modifies the traffic flow dynamics.
2026-08-20T23:17:54,116  WARN QueueWithBuffer:504 Link pt_10004 too small: enlarge storage capacity from: 7.0055389365173815 Vehicles to: 52.54154202388036 Vehicles.  This is not fatal, but modifies the traffic flow dynamics.
2026-08-20T23:17:54,116  WARN QueueWithBuffer:504 Link pt_10005 too small: enlarge storage capacity from: 7.4628557301399 Vehicles to: 55.97141797604925 Vehicles.  This is not fatal, but modifies the traffic flow dynamics.
2026-08-20T23:17:54,116  WARN QueueWithBuffer:507 Additional warnings of this type are suppressed.
2026-08-20T23:17:55,422  INFO QSimProvider:131 Added MobsimEngine class org.matsim.core.mobsim.qsim.qnetsimengine.QNetsimEngineWithThreadpool
2026-08-20T23:17:55,422  INFO QSimProvider:143 Added DepartureHandler class org.matsim.core.mobsim.qsim.qnetsimengine.NetworkModeDepartureHandlerDefaultImpl
2026-08-20T23:17:55,422  INFO QSimProvider:131 Added MobsimEngine class org.matsim.core.mobsim.qsim.DefaultTeleportationEngine
2026-08-20T23:17:55,422  INFO QSimProvider:143 Added DepartureHandler class org.matsim.core.mobsim.qsim.DefaultTeleportationEngine
2026-08-20T23:17:55,423  INFO QSimProvider:149 Added AgentSource class org.matsim.core.mobsim.qsim.agents.PopulationAgentSource
2026-08-20T23:17:55,423  INFO MobsimListenerManager:50 calling addQueueSimulationListener
2026-08-20T23:17:55,423  INFO MobsimListenerManager:54   assigned class org.matsim.core.mobsim.framework.listeners.MobsimListener to interface org.matsim.core.mobsim.framework.listeners.MobsimBeforeSimStepListener
2026-08-20T23:17:55,423  INFO MobsimListenerManager:54   assigned class org.matsim.core.mobsim.framework.listeners.MobsimListener to interface org.matsim.core.mobsim.qsim.messagequeueengine.MessageQueueEngine
2026-08-20T23:17:55,423  INFO MobsimListenerManager:54   assigned class org.matsim.core.mobsim.framework.listeners.MobsimListener to interface org.matsim.core.mobsim.framework.listeners.MobsimListener
2026-08-20T23:17:55,424  INFO QSimProvider:155 Added MobsimListener class org.matsim.core.mobsim.qsim.messagequeueengine.MessageQueueEngine
2026-08-20T23:17:55,424  INFO QSimProvider:131 Added MobsimEngine class org.matsim.core.mobsim.qsim.pt.TransitQSimEngine
2026-08-20T23:17:55,424  INFO QSimProvider:143 Added DepartureHandler class org.matsim.core.mobsim.qsim.pt.TransitQSimEngine
2026-08-20T23:17:55,424  INFO QSimProvider:149 Added AgentSource class org.matsim.core.mobsim.qsim.pt.TransitQSimEngine
2026-08-20T23:17:55,443  INFO PopulationUtils:1292 adding scenario element for allpersons container
2026-08-20T23:17:55,444  INFO PopulationImpl:111  person # 1
2026-08-20T23:17:55,445  INFO VehicleUtils:431 adding scenario element for allvehicles container
2026-08-20T23:17:55,446  INFO Counter:70 [VehiclesImpl] added vehicle # 1
2026-08-20T23:17:55,566  INFO ReconstructingUmlaufBuilder:131 Generating UmlaufStuecke ...
2026-08-20T23:17:55,600  INFO ReconstructingUmlaufBuilder:144 ... done generating UmlaufStuecke
2026-08-20T23:17:55,797  INFO Counter:70 [VehiclesImpl] added vehicle # 2
2026-08-20T23:17:55,797  INFO Counter:70 [VehiclesImpl] added vehicle # 4
2026-08-20T23:17:55,798  INFO Counter:70 [VehiclesImpl] added vehicle # 8
2026-08-20T23:17:55,798  INFO Counter:70 [VehiclesImpl] added vehicle # 16
2026-08-20T23:17:55,798  INFO Counter:70 [VehiclesImpl] added vehicle # 32
2026-08-20T23:17:55,799  INFO Counter:70 [VehiclesImpl] added vehicle # 64
2026-08-20T23:17:55,801  INFO Counter:70 [VehiclesImpl] added vehicle # 128
2026-08-20T23:17:55,804  INFO Counter:70 [VehiclesImpl] added vehicle # 256
2026-08-20T23:17:55,811  INFO Counter:70 [VehiclesImpl] added vehicle # 512
2026-08-20T23:17:55,819  INFO Counter:70 [VehiclesImpl] added vehicle # 1024
2026-08-20T23:17:55,831  INFO Counter:70 [VehiclesImpl] added vehicle # 2048
2026-08-20T23:17:55,846  INFO Counter:70 [VehiclesImpl] added vehicle # 4096
2026-08-20T23:17:55,878  INFO Counter:70 [VehiclesImpl] added vehicle # 8192
2026-08-20T23:17:55,948  INFO Counter:70 [VehiclesImpl] added vehicle # 16384
2026-08-20T23:17:56,081  INFO Counter:70 [VehiclesImpl] added vehicle # 32768
2026-08-20T23:17:56,624  INFO Counter:70 [VehiclesImpl] added vehicle # 65536
2026-08-20T23:17:57,044  INFO AbstractQNetsimEngine:418 Assigned 249216 nodes and 562029 links to QSimEngineRunner #0
2026-08-20T23:17:57,184  INFO EventsManagerImpl:116  event # 1
2026-08-20T23:17:57,189  INFO EventsManagerImpl:116  event # 4
2026-08-20T23:17:57,190  INFO EventsManagerImpl:116  event # 16
2026-08-20T23:17:57,192  INFO EventsManagerImpl:116  event # 64
2026-08-20T23:17:57,197  INFO EventsManagerImpl:116  event # 256
2026-08-20T23:17:57,213  INFO EventsManagerImpl:116  event # 1024
2026-08-20T23:17:57,258  INFO EventsManagerImpl:116  event # 4096
2026-08-20T23:17:57,370  INFO EventsManagerImpl:116  event # 16384
2026-08-20T23:17:57,475  INFO AbstractQNetsimEngine:356 SIMULATION (QNetsimEngine) AT 09:30:00 : #links=1308 #nodes=3171
2026-08-20T23:17:57,484  INFO QSim:552 SIMULATION (NEW QSim) AT 09:30:00 : #Veh=71302 lost=0 simT=0.0s realT=4s; (s/r): 0.0
2026-08-20T23:17:57,773  INFO EventsManagerImpl:116  event # 65536
2026-08-20T23:17:59,002  INFO EventsManagerImpl:116  event # 262144
2026-08-20T23:18:01,860  INFO EventsManagerImpl:116  event # 1048576
2026-08-20T23:18:04,706  INFO AbstractQNetsimEngine:356 SIMULATION (QNetsimEngine) AT 10:00:00 : #links=1211 #nodes=824
2026-08-20T23:18:04,712  INFO QSim:552 SIMULATION (NEW QSim) AT 10:00:00 : #Veh=53431 lost=0 simT=1800.0s realT=11s; (s/r): 163.63636363636363
2026-08-20T23:18:08,217  INFO AbstractQNetsimEngine:356 SIMULATION (QNetsimEngine) AT 11:00:00 : #links=1110 #nodes=820
2026-08-20T23:18:08,217  INFO QSim:552 SIMULATION (NEW QSim) AT 11:00:00 : #Veh=48735 lost=0 simT=5400.0s realT=15s; (s/r): 360.0
2026-08-20T23:18:08,726  INFO AbstractController$9:237 ### ITERATION 0 fires after mobsim event
2026-08-20T23:18:08,726  INFO Gbl:196 Thread performance: Thread=class org.matsim.core.events.SimStepParallelEventsManagerImpl$ProcessEventsRunnable0  cpu-time=7.03125sec
2026-08-20T23:18:08,727  INFO ControlerListenerManagerImpl:269 calling notifyAfterMobsim on org.matsim.analysis.LegTimesControlerListener with priority 0.0
2026-08-20T23:18:08,730  INFO LegTimesControlerListener:73 [0] average leg duration is: 120 seconds = 00:02:00
2026-08-20T23:18:08,730  INFO ControlerListenerManagerImpl:269 calling notifyAfterMobsim on org.matsim.core.events.MobsimScopeEventHandling with priority 0.0
2026-08-20T23:18:08,731  INFO ControlerListenerManagerImpl:269 calling notifyAfterMobsim on org.matsim.core.scoring.EventsToActivities$1 with priority 0.0
2026-08-20T23:18:08,732  WARN CharyparNagelActivityScoring:271 The first and the last activity do not have the same type. 
2026-08-20T23:18:08,732  WARN CharyparNagelActivityScoring:272 Will score the first activity from midnight to its end, and the last activity from its start to midnight.
2026-08-20T23:18:08,732  WARN CharyparNagelActivityScoring:273 Because of the nonlinear function, this is not the same as scoring from start to end.
2026-08-20T23:18:08,735  WARN CharyparNagelActivityScoring:274 first activity: act [type=home][coord=[x=4469347.62 | y=5336075.06]][linkId=195042][startTime=undefined][endTime=10:00:00][duration=undefined][facilityId=null]
2026-08-20T23:18:08,736  WARN CharyparNagelActivityScoring:275 last activity: act [type=work][coord=[x=4468253.7 | y=5334636.36]][linkId=437574][startTime=10:03:57][endTime=undefined][duration=undefined][facilityId=null]
2026-08-20T23:18:08,736  WARN CharyparNagelActivityScoring:276 This may also happen when plans are not completed when the simulation ends.
2026-08-20T23:18:08,736  WARN CharyparNagelActivityScoring:278 Additional warnings of this type are suppressed.
2026-08-20T23:18:08,736  INFO ControlerListenerManagerImpl:272 [it.0] all ControlerAfterMobsimListeners called.
2026-08-20T23:18:08,737  INFO AbstractController$4:162 ### ITERATION 0 fires scoring event
2026-08-20T23:18:08,738  INFO ControlerListenerManagerImpl:197 calling notifyScoring on org.matsim.core.scoring.PlansScoringImpl with priority 0.0
2026-08-20T23:18:08,741  INFO NewScoreAssignerImpl:60 it: 0 msaStart: null
2026-08-20T23:18:08,742  INFO ControlerListenerManagerImpl:209 [it.0] all ControlerScoringListeners called.
2026-08-20T23:18:08,743  INFO AbstractController$5:170 ### ITERATION 0 fires iteration end event
2026-08-20T23:18:08,744  INFO ControlerListenerManagerImpl:172 calling notifyIterationEnds on org.matsim.core.controler.corelisteners.EventsHandlingImpl with priority 0.0
2026-08-20T23:18:08,745  INFO EventsManagerImpl:164 removing Event-Handler: org.matsim.core.events.algorithms.EventWriterXML
2026-08-20T23:18:08,745  INFO EventsManagerImpl:164 removing Event-Handler: org.matsim.core.events.algorithms.EventWriterXML
2026-08-20T23:18:08,745  INFO ControlerListenerManagerImpl:172 calling notifyIterationEnds on org.matsim.core.scoring.PlansScoringImpl with priority 0.0
2026-08-20T23:18:08,746  INFO ControlerListenerManagerImpl:180 calling notifyIterationEnds on org.matsim.counts.CountsControlerListener with priority 0.0
2026-08-20T23:18:08,746  INFO ControlerListenerManagerImpl:180 calling notifyIterationEnds on org.matsim.analysis.ModeChoiceCoverageControlerListener with priority 0.0
2026-08-20T23:18:08,748  INFO ModeChoiceCoverageControlerListener:144 -- mode choice coverage (1x) of mode car = 0.5
2026-08-20T23:18:08,749  INFO ModeChoiceCoverageControlerListener:144 -- mode choice coverage (1x) of mode pt = 0.5
2026-08-20T23:18:08,749  INFO ModeChoiceCoverageControlerListener:144 -- mode choice coverage (5x) of mode car = 0.0
2026-08-20T23:18:08,749  INFO ModeChoiceCoverageControlerListener:144 -- mode choice coverage (5x) of mode pt = 0.0
2026-08-20T23:18:08,749  INFO ModeChoiceCoverageControlerListener:144 -- mode choice coverage (10x) of mode car = 0.0
2026-08-20T23:18:08,749  INFO ModeChoiceCoverageControlerListener:144 -- mode choice coverage (10x) of mode pt = 0.0
2026-08-20T23:18:08,753  INFO ControlerListenerManagerImpl:180 calling notifyIterationEnds on org.matsim.analysis.ModeStatsControlerListener with priority 0.0
2026-08-20T23:18:08,754  INFO ModeStatsControlerListener:133 Mode shares over all 2.0 trips found. MainModeIdentifier: class org.matsim.core.router.DefaultAnalysisMainModeIdentifier
2026-08-20T23:18:08,754  INFO ModeStatsControlerListener:140 -- mode share of mode car = 0.5
2026-08-20T23:18:08,754  INFO ModeStatsControlerListener:140 -- mode share of mode pt = 0.5
2026-08-20T23:18:08,756  INFO ControlerListenerManagerImpl:180 calling notifyIterationEnds on org.matsim.analysis.ScoreStatsControlerListener with priority 0.0
2026-08-20T23:18:08,758  INFO ScoreStatsControlerListener:154 -- avg. score of the executed plan of each agent: 133.10397643013712
2026-08-20T23:18:08,758  INFO ScoreStatsControlerListener:155 -- avg. score of the worst plan of each agent: 133.10397643013712
2026-08-20T23:18:08,759  INFO ScoreStatsControlerListener:156 -- avg. of the avg. plan score per agent: 133.10397643013712
2026-08-20T23:18:08,759  INFO ScoreStatsControlerListener:157 -- avg. score of the best plan of each agent: 133.10397643013712
2026-08-20T23:18:08,767  INFO ControlerListenerManagerImpl:180 calling notifyIterationEnds on org.matsim.analysis.IterationTravelStatsControlerListener with priority 0.0
2026-08-20T23:18:08,782  INFO TravelDistanceStats:115 -- average leg distance per plan (executed plans only): 1259.369296667442 meters
2026-08-20T23:18:08,782  INFO TravelDistanceStats:116 average leg distance per Person (executed plans only): 2518.738593334884 meters (statistic on all 4 legs which have a finite distance)
2026-08-20T23:18:08,783  INFO TravelDistanceStats:117 -- average trip distance per plan (executed plans only): 2518.738593334884 meters
2026-08-20T23:18:08,783  INFO TravelDistanceStats:118 average trip distance per Person (executed plans only): 2518.738593334884 meters (statistic on all 2 trips which have a finite distance)
2026-08-20T23:18:08,784  INFO TravelDistanceStats:119 (TravelDistanceStats takes an average over all legs where the simulation reports travelled (network) distances
2026-08-20T23:18:08,784  INFO TravelDistanceStats:120 (and teleported legs whose route contains a distance.)
2026-08-20T23:18:08,826  INFO ActivityWriter:39 Writing all Activities to activitiescsv
2026-08-20T23:18:08,831  INFO ActivityWriter:59 ...done
2026-08-20T23:18:08,831  INFO ControlerListenerManagerImpl:180 calling notifyIterationEnds on org.matsim.analysis.LegTimesControlerListener with priority 0.0
2026-08-20T23:18:08,831  INFO EventsManagerImpl:164 removing Event-Handler: org.matsim.analysis.CalcLegTimes
2026-08-20T23:18:08,831  INFO EventsManagerImpl:164 removing Event-Handler: org.matsim.analysis.CalcLegTimes
2026-08-20T23:18:08,831  INFO ControlerListenerManagerImpl:180 calling notifyIterationEnds on org.matsim.analysis.LegHistogramListener with priority 0.0
2026-08-20T23:18:08,838  INFO LegHistogramListener:78 number of legs:	8	100%
2026-08-20T23:18:08,839  INFO LegHistogramListener:85 number of car legs:	2	25.0%
2026-08-20T23:18:08,840  INFO LegHistogramListener:85 number of pt legs:	2	25.0%
2026-08-20T23:18:08,840  INFO LegHistogramListener:85 number of walk legs:	4	50.0%
2026-08-20T23:18:09,809  INFO ControlerListenerManagerImpl:180 calling notifyIterationEnds on org.matsim.analysis.LinkStatsControlerListener with priority 0.0
2026-08-20T23:18:09,810  INFO ControlerListenerManagerImpl:184 [it.0] all ControlerIterationEndsListeners called.
2026-08-20T23:18:09,936  INFO AbstractController:184 ### ITERATION 0 ENDS
2026-08-20T23:18:09,936  INFO AbstractController:185 ###################################################
2026-08-20T23:18:09,937  INFO MatsimRuntimeModifications:80 S H U T D O W N   ---   start shutdown.
2026-08-20T23:18:09,937  INFO ControlerListenerManagerImpl:128 calling notifyShutdown on org.matsim.core.controler.corelisteners.EventsHandlingImpl with priority 0.0
2026-08-20T23:18:09,937  INFO ControlerListenerManagerImpl:128 calling notifyShutdown on org.matsim.core.controler.corelisteners.DumpDataAtEndImpl with priority 0.0
2026-08-20T23:18:09,940  INFO Counter:70 [PopulationWriter] dumped person # 1
2026-08-20T23:18:09,940  INFO Counter:70 [PopulationWriter] dumped person # 2
2026-08-20T23:18:09,942  INFO Counter:70 [ParallelPopulationWriterV6] dumped person # 1
2026-08-20T23:18:09,942  INFO Counter:70 [ParallelPopulationWriterV6] dumped person # 2
2026-08-20T23:18:09,942  INFO Counter:75 [ParallelPopulationWriterV6] dumped person # 2
2026-08-20T23:18:09,943  INFO PopulationWriter:150 Population written to: C:\Users\DavidBerling\Masterarbeit Lokal\WP2\Matsim-example-project-TU-Kurs\scenarios\munich_fast_track_2040\smoke-output-mobility-hubs-20260820-2317/munich-fast-track-2040.output_plans.xml.gz
2026-08-20T23:18:09,945  INFO Counter:75 [PopulationWriter] dumped person # 2
2026-08-20T23:18:09,947  INFO NetworkWriter:70 Writing network to file: C:\Users\DavidBerling\Masterarbeit Lokal\WP2\Matsim-example-project-TU-Kurs\scenarios\munich_fast_track_2040\smoke-output-mobility-hubs-20260820-2317/munich-fast-track-2040.output_network.xml.gz...
2026-08-20T23:18:15,524  INFO NetworkWriter:73 done.
2026-08-20T23:18:15,531  INFO Config:461 setting context to [file:/C:/Users/DavidBerling/Masterarbeit%20Lokal/WP2/Matsim-example-project-TU-Kurs/]
2026-08-20T23:18:15,533  INFO Config:461 setting context to [file:/C:/Users/DavidBerling/Masterarbeit%20Lokal/WP2/Matsim-example-project-TU-Kurs/]
2026-08-20T23:18:15,536  INFO Config:461 setting context to [file:/C:/Users/DavidBerling/Masterarbeit%20Lokal/WP2/Matsim-example-project-TU-Kurs/]
2026-08-20T23:18:15,538  INFO Config:461 setting context to [file:/C:/Users/DavidBerling/Masterarbeit%20Lokal/WP2/Matsim-example-project-TU-Kurs/]
2026-08-20T23:18:15,540  INFO Config:461 setting context to [file:/C:/Users/DavidBerling/Masterarbeit%20Lokal/WP2/Matsim-example-project-TU-Kurs/]
2026-08-20T23:18:15,541  INFO Config:461 setting context to [file:/C:/Users/DavidBerling/Masterarbeit%20Lokal/WP2/Matsim-example-project-TU-Kurs/]
2026-08-20T23:18:15,543  INFO Config:461 setting context to [file:/C:/Users/DavidBerling/Masterarbeit%20Lokal/WP2/Matsim-example-project-TU-Kurs/]
2026-08-20T23:18:15,544  INFO Config:461 setting context to [file:/C:/Users/DavidBerling/Masterarbeit%20Lokal/WP2/Matsim-example-project-TU-Kurs/]
2026-08-20T23:18:15,546  INFO Config:461 setting context to [file:/C:/Users/DavidBerling/Masterarbeit%20Lokal/WP2/Matsim-example-project-TU-Kurs/]
2026-08-20T23:18:15,547  INFO Config:461 setting context to [file:/C:/Users/DavidBerling/Masterarbeit%20Lokal/WP2/Matsim-example-project-TU-Kurs/]
2026-08-20T23:18:15,549  INFO Config:461 setting context to [file:/C:/Users/DavidBerling/Masterarbeit%20Lokal/WP2/Matsim-example-project-TU-Kurs/]
2026-08-20T23:18:15,552  INFO Config:461 setting context to [file:/C:/Users/DavidBerling/Masterarbeit%20Lokal/WP2/Matsim-example-project-TU-Kurs/]
2026-08-20T23:18:15,555  INFO Config:461 setting context to [file:/C:/Users/DavidBerling/Masterarbeit%20Lokal/WP2/Matsim-example-project-TU-Kurs/]
2026-08-20T23:18:15,557  INFO Config:461 setting context to [file:/C:/Users/DavidBerling/Masterarbeit%20Lokal/WP2/Matsim-example-project-TU-Kurs/]
2026-08-20T23:18:15,559  INFO Config:461 setting context to [file:/C:/Users/DavidBerling/Masterarbeit%20Lokal/WP2/Matsim-example-project-TU-Kurs/]
2026-08-20T23:18:15,561  INFO Config:461 setting context to [file:/C:/Users/DavidBerling/Masterarbeit%20Lokal/WP2/Matsim-example-project-TU-Kurs/]
2026-08-20T23:18:15,564  INFO Config:461 setting context to [file:/C:/Users/DavidBerling/Masterarbeit%20Lokal/WP2/Matsim-example-project-TU-Kurs/]
2026-08-20T23:18:15,565  INFO Config:461 setting context to [file:/C:/Users/DavidBerling/Masterarbeit%20Lokal/WP2/Matsim-example-project-TU-Kurs/]
2026-08-20T23:18:15,574  INFO Config:461 setting context to [file:/C:/Users/DavidBerling/Masterarbeit%20Lokal/WP2/Matsim-example-project-TU-Kurs/]
2026-08-20T23:18:15,575  INFO Config:461 setting context to [file:/C:/Users/DavidBerling/Masterarbeit%20Lokal/WP2/Matsim-example-project-TU-Kurs/]
2026-08-20T23:18:15,577  INFO Config:461 setting context to [file:/C:/Users/DavidBerling/Masterarbeit%20Lokal/WP2/Matsim-example-project-TU-Kurs/]
2026-08-20T23:18:15,578  INFO Config:461 setting context to [file:/C:/Users/DavidBerling/Masterarbeit%20Lokal/WP2/Matsim-example-project-TU-Kurs/]
2026-08-20T23:18:15,580  INFO Config:461 setting context to [file:/C:/Users/DavidBerling/Masterarbeit%20Lokal/WP2/Matsim-example-project-TU-Kurs/]
2026-08-20T23:18:15,582  INFO Config:461 setting context to [file:/C:/Users/DavidBerling/Masterarbeit%20Lokal/WP2/Matsim-example-project-TU-Kurs/]
2026-08-20T23:18:15,585  INFO Config:461 setting context to [file:/C:/Users/DavidBerling/Masterarbeit%20Lokal/WP2/Matsim-example-project-TU-Kurs/]
2026-08-20T23:18:15,586  INFO Config:461 setting context to [file:/C:/Users/DavidBerling/Masterarbeit%20Lokal/WP2/Matsim-example-project-TU-Kurs/]
2026-08-20T23:18:15,598  INFO TransitScheduleWriter:89 about to write transit schedule to: C:\Users\DavidBerling\Masterarbeit Lokal\WP2\Matsim-example-project-TU-Kurs\scenarios\munich_fast_track_2040\smoke-output-mobility-hubs-20260820-2317/munich-fast-track-2040.output_transitSchedule.xml.gz
2026-08-20T23:18:17,230  INFO MatsimVehicleWriter:49 about to write vehicles to: C:\Users\DavidBerling\Masterarbeit Lokal\WP2\Matsim-example-project-TU-Kurs\scenarios\munich_fast_track_2040\smoke-output-mobility-hubs-20260820-2317/munich-fast-track-2040.output_transitVehicles.xml.gz
2026-08-20T23:18:17,230  INFO VehicleWriterV2:64 about to write vehicles to: C:\Users\DavidBerling\Masterarbeit Lokal\WP2\Matsim-example-project-TU-Kurs\scenarios\munich_fast_track_2040\smoke-output-mobility-hubs-20260820-2317/munich-fast-track-2040.output_transitVehicles.xml.gz
2026-08-20T23:18:17,334  INFO MatsimVehicleWriter:49 about to write vehicles to: C:\Users\DavidBerling\Masterarbeit Lokal\WP2\Matsim-example-project-TU-Kurs\scenarios\munich_fast_track_2040\smoke-output-mobility-hubs-20260820-2317/munich-fast-track-2040.output_vehicles.xml.gz
2026-08-20T23:18:17,335  INFO VehicleWriterV2:64 about to write vehicles to: C:\Users\DavidBerling\Masterarbeit Lokal\WP2\Matsim-example-project-TU-Kurs\scenarios\munich_fast_track_2040\smoke-output-mobility-hubs-20260820-2317/munich-fast-track-2040.output_vehicles.xml.gz
2026-08-20T23:18:17,337  INFO MatsimVehicleWriter:49 about to write vehicles to: C:\Users\DavidBerling\Masterarbeit Lokal\WP2\Matsim-example-project-TU-Kurs\scenarios\munich_fast_track_2040\smoke-output-mobility-hubs-20260820-2317/munich-fast-track-2040.output_allVehicles.xml.gz
2026-08-20T23:18:17,337  INFO VehicleWriterV2:64 about to write vehicles to: C:\Users\DavidBerling\Masterarbeit Lokal\WP2\Matsim-example-project-TU-Kurs\scenarios\munich_fast_track_2040\smoke-output-mobility-hubs-20260820-2317/munich-fast-track-2040.output_allVehicles.xml.gz
2026-08-20T23:18:17,417  INFO HouseholdsWriterV10:66 about to write  households to: C:\Users\DavidBerling\Masterarbeit Lokal\WP2\Matsim-example-project-TU-Kurs\scenarios\munich_fast_track_2040\smoke-output-mobility-hubs-20260820-2317/munich-fast-track-2040.output_households.xml.gz
2026-08-20T23:18:17,419  INFO Counter:75 [HouseholdsWriter] wrote household # 0
2026-08-20T23:18:17,422  INFO CountsWriterV2:45 Write Counts to C:\Users\DavidBerling\Masterarbeit Lokal\WP2\Matsim-example-project-TU-Kurs\scenarios\munich_fast_track_2040\smoke-output-mobility-hubs-20260820-2317/munich-fast-track-2040.output_counts.xml.gz
2026-08-20T23:18:17,452  INFO ControlerListenerManagerImpl:135 calling notifyShutdown on org.matsim.analysis.ModeChoiceCoverageControlerListener with priority 0.0
2026-08-20T23:18:17,452  INFO ControlerListenerManagerImpl:135 calling notifyShutdown on org.matsim.analysis.ScoreStatsControlerListener with priority 0.0
2026-08-20T23:18:17,452  INFO ControlerListenerManagerImpl:135 calling notifyShutdown on org.matsim.analysis.IterationTravelStatsControlerListener with priority 0.0
2026-08-20T23:18:17,453  INFO PersonWriter:36 Writing all Persons to personscsv
2026-08-20T23:18:17,458  INFO PersonWriter:54 ...done
2026-08-20T23:18:17,458  INFO ControlerListenerManagerImpl:135 calling notifyShutdown on org.matsim.analysis.LinkStatsControlerListener with priority 0.0
2026-08-20T23:18:22,967  INFO ControlerListenerManagerImpl:138 all ControlerShutdownListeners called.
2026-08-20T23:18:22,967  INFO MatsimRuntimeModifications:103 S H U T D O W N   ---   shutdown completed.
2026-08-20T23:18:22,967  INFO OutputDirectoryLogging:173 closing the logfile, i.e. messages sent to the logger after this message are not written to the logfile.
